// Jest Snapshot v1, https://goo.gl/fbAQLP

exports[`renders 1`] = `
<DocumentFragment>
  <div
    class="container"
  >
    <div
      class="WeeksButton row"
    >
      <div
        class="col"
      >
        <a
          href="/emptyLink"
        >
          <button
            class="largebutton"
            data-testid="ucpButton"
            type="button"
          >
            Week Commencing 26/10/2020​
          </button>
        </a>
      </div>
      <div
        class="col"
      >
        <a
          href="/emptyLink"
        >
          <button
            class="largebutton"
            data-testid="ucpButton"
            type="button"
          >
            Week Commencing 2/11/2020​
          </button>
        </a>
      </div>
      <div
        class="col"
      >
        <a
          href="/emptyLink"
        >
          <button
            class="largebutton"
            data-testid="ucpButton"
            type="button"
          >
            Week Commencing 9/11/2020​
          </button>
        </a>
      </div>
      <div
        class="col"
      >
        <a
          href="/emptyLink"
        >
          <button
            class="largebutton"
            data-testid="ucpButton"
            type="button"
          >
            Week Commencing 16/11/2020​
          </button>
        </a>
      </div>
    </div>
    <br />
    <br />
    <div
      class="DaysButton row"
    >
      <div
        class="col"
      >
        <a
          href="/emptyLink"
        >
          <button
            class="mediumbutton"
            data-testid="ucpButton"
            type="button"
          >
            Monday​
          </button>
        </a>
      </div>
      <div
        class="col"
      >
        <a
          href="/emptyLink"
        >
          <button
            class="mediumbutton"
            data-testid="ucpButton"
            type="button"
          >
            Tuesday​
          </button>
        </a>
      </div>
      <div
        class="col"
      >
        <a
          href="/emptyLink"
        >
          <button
            class="mediumbutton"
            data-testid="ucpButton"
            type="button"
          >
            Wednesday​
          </button>
        </a>
      </div>
      <div
        class="col"
      >
        <a
          href="/emptyLink"
        >
          <button
            class="mediumbutton"
            data-testid="ucpButton"
            type="button"
          >
            Thursday​
          </button>
        </a>
      </div>
      <div
        class="col"
      >
        <a
          href="/emptyLink"
        >
          <button
            class="mediumbutton"
            data-testid="ucpButton"
            type="button"
          >
            Friday​
          </button>
        </a>
      </div>
    </div>
    <br />
    <br />
    <div
      class="row"
    >
      <div
        class="col"
      >
        <select
          class="Dropdown"
        >
          <option
            value=""
          />
          <option
            value="0"
          >
            9:00
          </option>
          <option
            value="1"
          >
            10:00
          </option>
          <option
            value="2"
          >
            11:00
          </option>
          <option
            value="3"
          >
            12:00
          </option>
          <option
            value="4"
          >
            13:00
          </option>
          <option
            value="5"
          >
            14:00
          </option>
          <option
            value="6"
          >
            15:00
          </option>
          <option
            value="7"
          >
            16:00
          </option>
        </select>
      </div>
      <div
        class="col"
      >
        <div
          class="jumbo"
          data-testid="jumbotron"
        />
      </div>
    </div>
    <div
      class="DaysButton row"
    >
      <br />
      <div
        class="col"
      >
        <a
          href="/emptyLink"
        >
          <button
            class="mediumbutton"
            data-testid="ucpButton"
            type="button"
          >
            Refresh​
          </button>
        </a>
      </div>
      <div
        class="col"
      >
        <a
          href="/emptyLink"
        >
          <button
            class="mediumbutton"
            data-testid="ucpButton"
            type="button"
          >
            Confirm​
          </button>
        </a>
      </div>
    </div>
  </div>
</DocumentFragment>
`;
