// Jest Snapshot v1, https://goo.gl/fbAQLP

exports[`Renders Form One 1`] = `
<DocumentFragment>
  <div>
    <div>
      <header
        class="Header"
      >
        <a
          href="/tbd-app-2020"
        >
          <img
            alt="UCP official logo"
            class="UCPLogoBlue"
            data-testid="ucpLogoHeader"
            src="Logo_White.png"
          />
        </a>
      </header>
      <div
        class="Line"
      />
    </div>
    <div
      class="row"
    >
      <div
        class="col-md-4"
      >
        <div
          class="courseInfoBox undefined"
        >
          <div
            class="courseTitleRow row"
          >
            <h1
              class="courseInfoTitle"
            >
              <svg
                aria-hidden="true"
                class="svg-inline--fa fa-comment-dots fa-w-16 icon"
                data-icon="comment-dots"
                data-prefix="fas"
                focusable="false"
                role="img"
                viewBox="0 0 512 512"
                xmlns="http://www.w3.org/2000/svg"
              >
                <path
                  d="M256 32C114.6 32 0 125.1 0 240c0 49.6 21.4 95 57 130.7C44.5 421.1 2.7 466 2.2 466.5c-2.2 2.3-2.8 5.7-1.5 8.7S4.8 480 8 480c66.3 0 116-31.8 140.6-51.4 32.7 12.3 69 19.4 107.4 19.4 141.4 0 256-93.1 256-208S397.4 32 256 32zM128 272c-17.7 0-32-14.3-32-32s14.3-32 32-32 32 14.3 32 32-14.3 32-32 32zm128 0c-17.7 0-32-14.3-32-32s14.3-32 32-32 32 14.3 32 32-14.3 32-32 32zm128 0c-17.7 0-32-14.3-32-32s14.3-32 32-32 32 14.3 32 32-14.3 32-32 32z"
                  fill="currentColor"
                />
              </svg>
                Course Info
            </h1>
          </div>
          <div
            class="uniPageLinkRow row"
          >
            <button
              class="smallbutton"
              data-testid="ucpButton"
              type="button"
            >
              Close Embed​
            </button>
            <div
              class="iframeContainer"
            >
              <iframe
                class="iframeLink"
                src="https://www.ucp.ac.uk/a-z-courses/"
                title="Courses at UCP"
              />
            </div>
          </div>
          <div
            class="uniPageLinkRow row"
          >
            <a
              href="https://www.ucp.ac.uk/a-z-courses/"
            >
              Link to Course information page on UCP website
            </a>
          </div>
          <div
            class="ucasCalculatorRow row"
          >
            <p>
              <b>
                UCAS Calculator:
              </b>
            </p>
            <div
              class="ucasCalculator"
            >
              <div>
                <div
                  class="container"
                >
                  <div
                    class="row"
                  >
                    <div
                      class="col"
                    >
                      <select
                        class="qualInputBox"
                        id="qualifications"
                      >
                        <option
                          disabled=""
                        >
                          Please select a qualification...
                        </option>
                        <option
                          class="gradeTypeHeader"
                          disabled=""
                        >
                          A Level and AS
                        </option>
                        <option
                          value="A Level and AS;A Levels"
                        >
                            A Levels
                        </option>
                        <option
                          value="A Level and AS;AS Levels"
                        >
                            AS Levels
                        </option>
                        <option
                          class="gradeTypeHeader"
                          disabled=""
                        >
                          BTEC National (RQF) (From 2016)
                        </option>
                        <option
                          value="BTEC National (RQF) (From 2016);Pearson BTEC Level 3 National Extended Certificate (first teaching from September 2016)"
                        >
                            Pearson BTEC Level 3 National Extended Certificate (first teaching from September 2016)
                        </option>
                      </select>
                    </div>
                  </div>
                  <div
                    class="row"
                  >
                    <div
                      class="col-md-2"
                    >
                      <div
                        class="mobiletextbox"
                      >
                        <label />
                        <input
                          class="subjectInputBox"
                          maxlength="30"
                          minlength="0"
                          placeholder="Subject (optional)"
                          size="20"
                          type="text"
                        />
                      </div>
                    </div>
                    <div
                      class="col"
                    >
                      <br />
                    </div>
                    <div
                      class="col-md-2"
                    >
                      <br />
                      <select
                        class="Dropdown"
                        disabled=""
                      >
                        <option
                          value=""
                        />
                        <option
                          value="none"
                        >
                          ...
                        </option>
                      </select>
                    </div>
                  </div>
                  <div
                    class="row"
                  >
                    <div
                      class="col-md-6"
                    />
                    <div
                      class="col"
                    >
                      <span
                        class="qualPoints"
                        data-testid="qualPoints"
                      >
                        Points: 
                        <b>
                          0
                        </b>
                      </span>
                    </div>
                  </div>
                  <br />
                  <div
                    class="row"
                  >
                    <button
                      class="mediumbutton addQualButton"
                      data-testid="ucpButton"
                      type="button"
                    >
                      Add another qualification​
                    </button>
                  </div>
                  <span
                    class="totalQualPoints"
                  >
                    Total points: 
                    <b
                      data-testid="totalPoints"
                    >
                      0
                    </b>
                  </span>
                </div>
              </div>
            </div>
          </div>
        </div>
      </div>
      <div
        class="col"
      >
        <div
          style="height: 30px; width: 90%; background-color: rgb(178, 221, 223); border-radius: 50px; margin: 50px;"
        >
          <div
            style="height: 100%; width: 45%; background-color: rgb(0, 92, 110); border-radius: inherit; text-align: right;"
          >
            <span
              style="padding: 5px; color: rgb(255, 255, 255); font-weight: bold;"
            >
               45% 
            </span>
          </div>
        </div>
        <div
          class="form-container d-flex justify-content-center container"
        >
          <div
            class="form-background row"
          >
            <div
              class="col"
            >
              <h4>
                Preferred Course
              </h4>
              <select
                class="Dropdown"
                id="courseSelection"
              >
                <option
                  value=""
                />
                <option
                  value="computing"
                >
                  BSc (Hons) Computing and Information Systems
                </option>
                <option
                  value="criminology"
                >
                  BA (Hons) Criminology
                </option>
                <option
                  value="digitalArts"
                >
                  FDA Digital Arts
                </option>
              </select>
              <div
                class="radio-buttons"
              >
                <h4>
                  Year of Entry
                </h4>
                <p>
                  In what year does the student want to begin their study?
                </p>
                <div
                  class="radio-group"
                >
                  <input
                    data-testid="year-1"
                    id="year-1"
                    name="year-of-entry"
                    type="radio"
                    value="1"
                  />
                  <label
                    for="year-1"
                  >
                    Year 1
                  </label>
                </div>
                <div
                  class="radio-group"
                >
                  <input
                    data-testid="year-2"
                    id="year-2"
                    name="year-of-entry"
                    type="radio"
                    value="2"
                  />
                  <label
                    for="year-2"
                  >
                    Year 2
                  </label>
                </div>
                <div
                  class="radio-group"
                >
                  <input
                    data-testid="year-3"
                    id="year-3"
                    name="year-of-entry"
                    type="radio"
                    value="3"
                  />
                  <label
                    for="year-3"
                  >
                    Year 3
                  </label>
                </div>
              </div>
              <br />
              <div
                class="radio-buttons"
              >
                <h4>
                  Full/Part Time
                </h4>
                <p>
                  Will the student study the course full-time or part-time?
                </p>
                <div
                  class="radio-group"
                >
                  <input
                    data-testid="full"
                    id="full"
                    name="full-part"
                    type="radio"
                    value="full"
                  />
                  <label
                    for="full"
                  >
                    Full Time
                  </label>
                </div>
                <div
                  class="radio-group"
                >
                  <input
                    data-testid="part"
                    id="part"
                    name="full-part"
                    type="radio"
                    value="part"
                  />
                  <label
                    for="part"
                  >
                    Part Time
                  </label>
                </div>
              </div>
            </div>
            <div
              class="col"
            >
              <div>
                <div
                  class="radio-buttons"
                >
                  <h4>
                    Prior Credit
                  </h4>
                  <p>
                    Does the student wish to enrol with prior credit?
                  </p>
                  <div
                    class="radio-group"
                  >
                    <input
                      data-testid="prior-yes"
                      id="prior-yes"
                      name="prior-credit"
                      type="radio"
                      value="yes"
                    />
                    <label
                      for="prior-yes"
                    >
                      Yes
                    </label>
                  </div>
                  <div
                    class="radio-group"
                  >
                    <input
                      data-testid="prior-no"
                      id="prior-no"
                      name="prior-credit"
                      type="radio"
                      value="no"
                    />
                    <label
                      for="prior-no"
                    >
                      No
                    </label>
                  </div>
                </div>
              </div>
              <span />
              <div
                class="radio-buttons"
              >
                <h4>
                  Prior Study
                </h4>
                <p>
                  Has the student studied at UCP/ARU before?
                </p>
                <div
                  class="radio-group"
                >
                  <input
                    data-testid="study-yes"
                    id="study-yes"
                    name="prior-study"
                    type="radio"
                    value="yes"
                  />
                  <label
                    for="study-yes"
                  >
                    Yes
                  </label>
                </div>
                <div
                  class="radio-group"
                >
                  <input
                    data-testid="study-no"
                    id="study-no"
                    name="prior-study"
                    type="radio"
                    value="no"
                  />
                  <label
                    for="study-no"
                  >
                    No
                  </label>
                </div>
              </div>
              <span />
            </div>
          </div>
        </div>
        <div
          class="container"
        >
          <div
            class="row"
            id="buttonRow"
          >
            <div
              class="centered-buttons col"
            >
              <a
                href="/AdditionalInformation"
              >
                <button
                  class="mediumbutton"
                  data-testid="ucpButton"
                  primary="True"
                  type="button"
                >
                  Go Back​
                </button>
              </a>
            </div>
            <div
              class="centered-buttons col"
            >
              <div
                id="confirmButton"
              >
                <a
                  href="/LevelTwoQualifications"
                >
                  <button
                    class="mediumbutton"
                    data-testid="ucpButton"
                    primary="True"
                    type="button"
                  >
                    Next​
                  </button>
                </a>
              </div>
            </div>
          </div>
        </div>
      </div>
    </div>
    <footer
      class="ucpFooter"
    />
  </div>
</DocumentFragment>
`;
