// Jest Snapshot v1, https://goo.gl/fbAQLP

exports[`Renders Form One 1`] = `
<DocumentFragment>
  <div>
    <header>
      <a
        href="/tbd-app-2020"
      >
        <img
          alt="UCP official logo"
          class="UCPLogoBlue"
          data-testid="ucpLogoHeader"
          src="UCPLogo.png"
        />
      </a>
    </header>
    <div
      style="height: 30px; width: 90%; background-color: rgb(178, 221, 223); border-radius: 50px; margin: 50px;"
    >
      <div
        style="height: 100%; width: 45%; background-color: rgb(0, 92, 110); border-radius: inherit; text-align: right;"
      >
        <span
          style="padding: 5px; color: rgb(255, 255, 255); font-weight: bold;"
        >
           45% 
        </span>
      </div>
    </div>
    <div
      class="form-container d-flex justify-content-center container"
    >
      <div
        class="form-background row"
      >
        <div
          class="col"
        >
          <h4>
            Preferred Course
          </h4>
          <select
            class="Dropdown"
            id="courseSelection"
          >
            <option
              value=""
            />
            <option
              value="computing"
            >
              BSc (Hons) Computing and Information Systems
            </option>
            <option
              value="criminoloy"
            >
              BA (Hons) Criminology
            </option>
            <option
              value="digitalArts"
            >
              FDA Digital Arts
            </option>
          </select>
          <div
            class="radio-buttons"
          >
            <h4>
              Year of Entry
            </h4>
            <p>
              In what year does the student want to begin their study?
            </p>
            <div
              class="radio-group"
            >
              <input
                data-testid="year-1"
                id="year-1"
                name="year-of-entry"
                type="radio"
                value="1"
              />
              <label
                for="year-1"
              >
                Year 1
              </label>
            </div>
            <div
              class="radio-group"
            >
              <input
                data-testid="year-2"
                id="year-2"
                name="year-of-entry"
                type="radio"
                value="2"
              />
              <label
                for="year-2"
              >
                Year 2
              </label>
            </div>
            <div
              class="radio-group"
            >
              <input
                data-testid="year-3"
                id="year-3"
                name="year-of-entry"
                type="radio"
                value="3"
              />
              <label
                for="year-3"
              >
                Year 3
              </label>
            </div>
          </div>
          <br />
          <div
            class="radio-buttons"
          >
            <h4>
              Full/Part Time
            </h4>
            <p>
              Will the student study the course full-time or part-time?
            </p>
            <div
              class="radio-group"
            >
              <input
                data-testid="full"
                id="full"
                name="full-part"
                type="radio"
                value="full"
              />
              <label
                for="full"
              >
                Full Time
              </label>
            </div>
            <div
              class="radio-group"
            >
              <input
                data-testid="part"
                id="part"
                name="full-part"
                type="radio"
                value="part"
              />
              <label
                for="part"
              >
                Part Time
              </label>
            </div>
          </div>
        </div>
        <div
          class="col"
        >
          <div>
            <div
              class="radio-buttons"
            >
              <h4>
                Prior Credit
              </h4>
              <p>
                Does the student wish to enrol with prior credit?
              </p>
              <div
                class="radio-group"
              >
                <input
                  data-testid="prior-yes"
                  id="prior-yes"
                  name="prior-credit"
                  type="radio"
                  value="yes"
                />
                <label
                  for="prior-yes"
                >
                  Yes
                </label>
              </div>
              <div
                class="radio-group"
              >
                <input
                  data-testid="prior-no"
                  id="prior-no"
                  name="prior-credit"
                  type="radio"
                  value="no"
                />
                <label
                  for="prior-no"
                >
                  No
                </label>
              </div>
            </div>
          </div>
          <span />
          <div
            class="radio-buttons"
          >
            <h4>
              Prior Study
            </h4>
            <p>
              Has the student studied at UCP/ARU before?
            </p>
            <div
              class="radio-group"
            >
              <input
                data-testid="study-yes"
                id="study-yes"
                name="prior-study"
                type="radio"
                value="yes"
              />
              <label
                for="study-yes"
              >
                Yes
              </label>
            </div>
            <div
              class="radio-group"
            >
              <input
                data-testid="study-no"
                id="study-no"
                name="prior-study"
                type="radio"
                value="no"
              />
              <label
                for="study-no"
              >
                No
              </label>
            </div>
          </div>
          <span />
        </div>
      </div>
    </div>
    <div
      class="container"
    >
      <div
        class="row"
        id="buttonRow"
      >
        <div
          class="centered-buttons col"
        >
          <a
            href="/AdditionalInformation"
          >
            <button
              class="mediumbutton"
              data-testid="ucpButton"
              primary="True"
              type="button"
            >
              Go Back​
            </button>
          </a>
        </div>
        <div
          class="centered-buttons col"
        >
          <div
            id="confirmButton"
          >
            <a
              href="/LevelTwoQualifications"
            >
              <button
                class="mediumbutton"
                data-testid="ucpButton"
                primary="True"
                type="button"
              >
                Next​
              </button>
            </a>
          </div>
        </div>
      </div>
    </div>
    <footer
      class="ucpFooter"
    />
  </div>
</DocumentFragment>
`;
