// Jest Snapshot v1, https://goo.gl/fbAQLP

exports[`Renders ClearingOfferMadeStudentEnd 1`] = `
<DocumentFragment>
  <div>
    <header>
      <a
        href="/tbd-app-2020"
      >
        <img
          alt="UCP official logo"
          class="UCPLogoBlue"
          data-testid="ucpLogoHeader"
          src="UCPLogo.png"
        />
      </a>
    </header>
    <div
      class="form-container d-flex justify-content-center container"
    >
      <div
        class="form-background row"
      >
        <h1
          class="form-title"
        >
          Thank you for using the form
        </h1>
        <h3>
          Please confirm email that your application will be sent to
        </h3>
        <span
          class="form-center"
        >
          <div
            class="mobiletextbox"
          >
            <label
              for="emailConfirm"
            />
            <input
              id="emailConfirm"
              maxlength="30"
              minlength="0"
              placeholder="Test@email.com"
              size="20"
              type="text"
            />
          </div>
          <p>
            Please press confirm to complete
          </p>
        </span>
      </div>
    </div>
    <div
      class="container"
    >
      <div
        class="row"
        id="buttonRow"
      >
        <div
          class="centered-buttons col"
        >
          <br />
          <a
            href="/DegreeQualifications"
          >
            <button
              class="mediumbutton"
              data-testid="ucpButton"
              href="/DegreeQualifications"
              primary="True"
              type="button"
            >
              Go Back​
            </button>
          </a>
        </div>
        <div
          class="centered-buttons col"
        >
          <br />
          <div>
            <a
              href="/"
            >
              <button
                class="mediumbutton"
                data-testid="ucpButton"
                href="/"
                primary="True"
                type="button"
              >
                Confirm​
              </button>
            </a>
          </div>
        </div>
      </div>
    </div>
    <footer
      class="ucpFooter"
    />
  </div>
</DocumentFragment>
`;
