// Jest Snapshot v1, https://goo.gl/fbAQLP

exports[`Renders ClearingOfferMadeThirdPage 1`] = `
<DocumentFragment>
  <div
    class="container"
  >
    <p>
      Required
    </p>
    <h1>
      Not Offered Details
    </h1>
    <h3>
      38. If NO, please state reasons:
    </h3>
    <div
      class="mobiletextbox"
    >
      <label />
      <input
        maxlength="30"
        minlength="0"
        placeholder=""
        size="20"
        type="text"
      />
    </div>
    <div
      class="col"
    >
      <a
        href="/emptyLink"
      >
        <button
          data-testid="ucpButton"
          type="button"
        >
          ​
        </button>
      </a>
    </div>
    <div
      class="col"
    >
      <a
        href="/emptyLink"
      >
        <button
          data-testid="ucpButton"
          type="button"
        >
          ​
        </button>
      </a>
    </div>
  </div>
</DocumentFragment>
`;
