// Jest Snapshot v1, https://goo.gl/fbAQLP

exports[`Renders ClearingOfferMadeStudentEnd 1`] = `
<DocumentFragment>
  <div
    class="container"
  >
    <h1>
      Thank you for using the form
    </h1>
    <p>
      Please press confirm to complete
    </p>
    <h3>
      Please confirm email that your application will be sent to
    </h3>
    <div
      class="mobiletextbox"
    >
      <label
        for="emailConfirm"
      />
      <input
        id="emailConfirm"
        maxlength="30"
        minlength="0"
        placeholder="Test@email.com"
        size="20"
        type="text"
        value=""
      />
    </div>
    <div
      class="row"
    >
      <div
        class="col"
      >
        <br />
        <a
          href="/DegreeQualifications"
        >
          <button
            class="mediumbutton"
            data-testid="ucpButton"
            href="/DegreeQualifications"
            primary="True"
            type="button"
          >
            Go Back​
          </button>
        </a>
      </div>
      <div
        class="col"
      >
        <br />
        <div>
          <a
            href="/"
          >
            <button
              class="mediumbutton"
              data-testid="ucpButton"
              href="/"
              primary="True"
              type="button"
            >
              Confirm​
            </button>
          </a>
        </div>
      </div>
    </div>
  </div>
</DocumentFragment>
`;
