// Jest Snapshot v1, https://goo.gl/fbAQLP

exports[`Renders AdminDashboard 1`] = `
<DocumentFragment>
  <div
    class="container"
  >
    Dashboard
    <div
      class="navbar-container"
    >
      <a
        href="/AdminDashboard"
      >
        <button
          class="admin-navbar-button"
          data-testid="ucpButton"
          href="/AdminDashboard"
          type="button"
        >
          Dashboard​
        </button>
      </a>
      <a
        href="/AdminData"
      >
        <button
          class="admin-navbar-button"
          data-testid="ucpButton"
          href="/AdminData"
          type="button"
        >
          Data​
        </button>
      </a>
      <a
        href="/AdminGraph"
      >
        <button
          class="admin-navbar-button"
          data-testid="ucpButton"
          href="/AdminGraph"
          type="button"
        >
          Gender​
        </button>
      </a>
      <a
        href="/AdminGraph"
      >
        <button
          class="admin-navbar-button"
          data-testid="ucpButton"
          href="/AdminGraph"
          type="button"
        >
          Age​
        </button>
      </a>
      <a
        href="/AdminGraph"
      >
        <button
          class="admin-navbar-button"
          data-testid="ucpButton"
          href="/AdminGraph"
          type="button"
        >
          Course​
        </button>
      </a>
      <a
        href="/AdminGraph"
      >
        <button
          class="admin-navbar-button"
          data-testid="ucpButton"
          href="/AdminGraph"
          type="button"
        >
          Ethnicity​
        </button>
      </a>
      <a
        href="/AdminGraph"
      >
        <button
          class="admin-navbar-button"
          data-testid="ucpButton"
          href="/AdminGraph"
          type="button"
        >
          Location​
        </button>
      </a>
      <a
        href="/AdminGraph"
      >
        <button
          class="admin-navbar-button"
          data-testid="ucpButton"
          href="/AdminGraph"
          type="button"
        >
          Income​
        </button>
      </a>
      <a
        href="/AdminGraph"
      >
        <button
          class="admin-navbar-button"
          data-testid="ucpButton"
          href="/AdminGraph"
          type="button"
        >
          Disabilities​
        </button>
      </a>
      <a
        href="/AdminGraph"
      >
        <button
          class="admin-navbar-button"
          data-testid="ucpButton"
          href="/AdminGraph"
          type="button"
        >
          Support​
        </button>
      </a>
      <a
        href="/AdminGraph"
      >
        <button
          class="admin-navbar-button"
          data-testid="ucpButton"
          href="/AdminGraph"
          type="button"
        >
          Education​
        </button>
      </a>
      <a
        href="/AdminGraph"
      >
        <button
          class="admin-navbar-button"
          data-testid="ucpButton"
          href="/AdminGraph"
          type="button"
        >
          Employment​
        </button>
      </a>
      <a
        href="/AdminGraph"
      >
        <button
          class="admin-navbar-button"
          data-testid="ucpButton"
          href="/AdminGraph"
          type="button"
        >
          Payment​
        </button>
      </a>
      <a
        href="/AdminLogIn"
      >
        <button
          class="admin-navbar-button"
          data-testid="ucpButton"
          href="/AdminLogIn"
          type="button"
        >
          LogIn​
        </button>
      </a>
    </div>
  </div>
</DocumentFragment>
`;
